// Jest Snapshot v1, https://goo.gl/fbAQLP

exports[`Integration simple_babel_prj 1`] = `
"
// id: src/core/dependee.js

export function util() {
  console.log('this is util func');
}

// id: src/core/index.js

import { someFn } from '../feat/dest';

export default function main() {
  someFn();
}

// id: src/feat/dest.js

import { util } from '../core/dependee';

export function someFn() {
  util();
  return 'test';
}"
`;
